---
source: src/ui.rs
expression: terminal.backend()
---
TestBackend {
    buffer: Buffer {
        area: Rect { x: 0, y: 0, width: 80, height: 24 },
        content: [
            "┌ PDM ──────────────────┐┌ Info ───────────────────────────────────────────────┐",
            "│Home                   ││ Chain Info │ System │ Logs │ Peers                  │",
            "│Bitcoin Config         ││                                                     │",
            "│Bitcoin Status         │└─────────────────────────────────────────────────────┘",
            "│P2Pool Config          │┌ Bitcoin Core Logs ──────────────────────────────────┐",
            "│P2Pool Status          ││Current log file path: (not configured)              │",
            "│LN Config              ││Status: No Bitcoin Core debug.log found. Choose a log│",
            "│LN Status              ││file or data directory.                              │",
            "│Shares Market          ││Filter: (none)  Auto-scroll: on  Lines: 0/0          │",
            "│Settings               │└─────────────────────────────────────────────────────┘",
            "│                       │┌ debug.log ──────────────────────────────────────────┐",
            "│                       ││No Bitcoin Core debug.log found. Choose a log file or│",
            "│                       ││                                                     │",
            "│                       ││                                                     │",
            "│                       ││                                                     │",
            "│                       ││                                                     │",
            "│                       ││                                                     │",
            "│                       ││                                                     │",
            "│                       ││                                                     │",
            "│                       ││                                                     │",
            "│                       ││                                                     │",
            "│                       ││                                                     │",
            "└───────────────────────┘└─────────────────────────────────────────────────────┘",
            " ↑↓  Scroll logs   ←→  Switch tab   b  Browse log   o  Browse dir   /  Search   ",
        ],
        styles: [
            x: 0, y: 0, fg: Reset, bg: Reset, underline: Reset, modifier: NONE,
            x: 49, y: 1, fg: Black, bg: Gray, underline: Reset, modifier: NONE,
            x: 53, y: 1, fg: Reset, bg: Reset, underline: Reset, modifier: NONE,
            x: 1, y: 3, fg: Black, bg: Gray, underline: Reset, modifier: NONE,
            x: 24, y: 3, fg: Reset, bg: Reset, underline: Reset, modifier: NONE,
            x: 26, y: 5, fg: Gray, bg: Reset, underline: Reset, modifier: NONE,
            x: 49, y: 5, fg: Reset, bg: Reset, underline: Reset, modifier: NONE,
            x: 26, y: 6, fg: Gray, bg: Reset, underline: Reset, modifier: NONE,
            x: 34, y: 6, fg: Reset, bg: Reset, underline: Reset, modifier: NONE,
            x: 26, y: 8, fg: Gray, bg: Reset, underline: Reset, modifier: NONE,
            x: 34, y: 8, fg: Reset, bg: Reset, underline: Reset, modifier: NONE,
            x: 40, y: 8, fg: Gray, bg: Reset, underline: Reset, modifier: NONE,
            x: 55, y: 8, fg: Reset, bg: Reset, underline: Reset, modifier: NONE,
            x: 57, y: 8, fg: Gray, bg: Reset, underline: Reset, modifier: NONE,
            x: 66, y: 8, fg: Reset, bg: Reset, underline: Reset, modifier: NONE,
            x: 25, y: 10, fg: LightGreen, bg: Black, underline: Reset, modifier: NONE,
            x: 0, y: 11, fg: Reset, bg: Reset, underline: Reset, modifier: NONE,
            x: 25, y: 11, fg: LightGreen, bg: Black, underline: Reset, modifier: NONE,
            x: 26, y: 11, fg: Yellow, bg: Black, underline: Reset, modifier: NONE,
            x: 79, y: 11, fg: LightGreen, bg: Black, underline: Reset, modifier: NONE,
            x: 0, y: 12, fg: Reset, bg: Reset, underline: Reset, modifier: NONE,
            x: 25, y: 12, fg: LightGreen, bg: Black, underline: Reset, modifier: NONE,
            x: 0, y: 13, fg: Reset, bg: Reset, underline: Reset, modifier: NONE,
            x: 25, y: 13, fg: LightGreen, bg: Black, underline: Reset, modifier: NONE,
            x: 0, y: 14, fg: Reset, bg: Reset, underline: Reset, modifier: NONE,
            x: 25, y: 14, fg: LightGreen, bg: Black, underline: Reset, modifier: NONE,
            x: 0, y: 15, fg: Reset, bg: Reset, underline: Reset, modifier: NONE,
            x: 25, y: 15, fg: LightGreen, bg: Black, underline: Reset, modifier: NONE,
            x: 0, y: 16, fg: Reset, bg: Reset, underline: Reset, modifier: NONE,
            x: 25, y: 16, fg: LightGreen, bg: Black, underline: Reset, modifier: NONE,
            x: 0, y: 17, fg: Reset, bg: Reset, underline: Reset, modifier: NONE,
            x: 25, y: 17, fg: LightGreen, bg: Black, underline: Reset, modifier: NONE,
            x: 0, y: 18, fg: Reset, bg: Reset, underline: Reset, modifier: NONE,
            x: 25, y: 18, fg: LightGreen, bg: Black, underline: Reset, modifier: NONE,
            x: 0, y: 19, fg: Reset, bg: Reset, underline: Reset, modifier: NONE,
            x: 25, y: 19, fg: LightGreen, bg: Black, underline: Reset, modifier: NONE,
            x: 0, y: 20, fg: Reset, bg: Reset, underline: Reset, modifier: NONE,
            x: 25, y: 20, fg: LightGreen, bg: Black, underline: Reset, modifier: NONE,
            x: 0, y: 21, fg: Reset, bg: Reset, underline: Reset, modifier: NONE,
            x: 25, y: 21, fg: LightGreen, bg: Black, underline: Reset, modifier: NONE,
            x: 0, y: 22, fg: Reset, bg: Reset, underline: Reset, modifier: NONE,
            x: 25, y: 22, fg: LightGreen, bg: Black, underline: Reset, modifier: NONE,
            x: 0, y: 23, fg: White, bg: DarkGray, underline: Reset, modifier: NONE,
            x: 4, y: 23, fg: DarkGray, bg: Black, underline: Reset, modifier: NONE,
            x: 18, y: 23, fg: White, bg: DarkGray, underline: Reset, modifier: NONE,
            x: 22, y: 23, fg: DarkGray, bg: Black, underline: Reset, modifier: NONE,
            x: 35, y: 23, fg: White, bg: DarkGray, underline: Reset, modifier: NONE,
            x: 38, y: 23, fg: DarkGray, bg: Black, underline: Reset, modifier: NONE,
            x: 51, y: 23, fg: White, bg: DarkGray, underline: Reset, modifier: NONE,
            x: 54, y: 23, fg: DarkGray, bg: Black, underline: Reset, modifier: NONE,
            x: 67, y: 23, fg: White, bg: DarkGray, underline: Reset, modifier: NONE,
            x: 70, y: 23, fg: DarkGray, bg: Black, underline: Reset, modifier: NONE,
            x: 79, y: 23, fg: White, bg: DarkGray, underline: Reset, modifier: NONE,
        ]
    },
    scrollback: Buffer {
        area: Rect { x: 0, y: 0, width: 80, height: 0 }
    },
    cursor: false,
    pos: (
        0,
        0,
    ),
}
