---
source: src/main.rs
expression: terminal.backend()
---
TestBackend {
    buffer: Buffer {
        area: Rect { x: 0, y: 0, width: 80, height: 25 },
        content: [
            "┌ PDM ──────────────────┐┌ Bitcoin Config ─────────────────────────────────────┐",
            "│Home                   ││                                                     │",
            "│Bitcoin Config         ││                                                     │",
            "│                       ││                                                     │",
            "│                       ││                                                     │",
            "│                       ││                                                     │",
            "│                       ││                                                     │",
            "│                       ││                                                     │",
            "│                       ││                                                     │",
            "│                       ││                ┌───────────────────┐                │",
            "│                       ││                │Load Bitcoin Config│                │",
            "│                       ││                └───────────────────┘                │",
            "│                       ││                                                     │",
            "│                       ││                                                     │",
            "│                       ││                                                     │",
            "│                       ││                                                     │",
            "│                       ││                                                     │",
            "│                       ││                                                     │",
            "│                       ││                                                     │",
            "│                       ││                                                     │",
            "│                       ││                                                     │",
            "│                       │└─────────────────────────────────────────────────────┘",
            "│                       │┌ Keys ───────────────────────────────────────────────┐",
            "│                       ││↑/↓: menu  Enter: select  q: quit                    │",
            "└───────────────────────┘└─────────────────────────────────────────────────────┘",
        ],
        styles: [
            x: 0, y: 0, fg: Reset, bg: Reset, underline: Reset, modifier: NONE,
            x: 1, y: 2, fg: Black, bg: Gray, underline: Reset, modifier: NONE,
            x: 24, y: 2, fg: Reset, bg: Reset, underline: Reset, modifier: NONE,
            x: 42, y: 9, fg: Black, bg: White, underline: Reset, modifier: BOLD,
            x: 63, y: 9, fg: Reset, bg: Reset, underline: Reset, modifier: NONE,
            x: 42, y: 10, fg: Black, bg: White, underline: Reset, modifier: BOLD,
            x: 63, y: 10, fg: Reset, bg: Reset, underline: Reset, modifier: NONE,
            x: 42, y: 11, fg: Black, bg: White, underline: Reset, modifier: BOLD,
            x: 63, y: 11, fg: Reset, bg: Reset, underline: Reset, modifier: NONE,
            x: 26, y: 23, fg: DarkGray, bg: Reset, underline: Reset, modifier: NONE,
            x: 59, y: 23, fg: Reset, bg: Reset, underline: Reset, modifier: NONE,
        ]
    },
    scrollback: Buffer {
        area: Rect { x: 0, y: 0, width: 80, height: 0 }
    },
    cursor: false,
    pos: (
        0,
        0,
    ),
}
